backtesting_results/TSLA_BollingerKeltnerChaikinSMAStrategy_backtesting_results.csv
type,price,quantity,date,balance,profit,Metric,Value
short,207.14666748046875,9.938909047023351,2021-03-04,100881.78248663606,881.7824866360606,,
short,190.56333923339844,10.804065602811605,2021-05-13,100884.08210985549,884.0821098554879,,
short,192.6233367919922,10.690690078206753,2021-05-18,100904.5433781882,904.543378188202,,
short,219.86000061035156,9.365861875904008,2021-07-06,100899.74148988344,899.7414898834395,,
short,218.98333740234375,9.401809699223385,2021-07-09,100883.14361232545,883.1436123254534,,
short,217.7933349609375,9.456082668447593,2021-07-14,100914.11722134857,914.1172213485697,,
short,325.30999755859375,6.347953780212528,2022-04-11,101187.58860840717,1187.588608407168,,
short,266.67999267578125,7.745840739479014,2022-05-10,101217.37683192953,1217.376831929534,,
short,256.5299987792969,8.04536773985689,2022-05-13,101130.03064773962,1130.0306477396225,,
short,236.60333251953125,8.719931365340711,2022-05-18,101095.07619867871,1095.076198678711,,
short,224.96665954589844,9.167989321008806,2022-05-23,101062.10468269122,1062.1046826912207,,
short,249.44000244140625,8.24973868375607,2022-10-04,100832.9270334368,832.9270334368048,,
short,223.07000732421875,9.221286012600917,2022-10-07,100792.62458011051,792.6245801105106,,
short,217.2400054931641,9.46733702377698,2022-10-12,100777.53300549639,777.5330054963852,,
short,219.3500061035156,9.374590761738625,2022-10-17,100759.51049946109,759.5104994610883,,
short,207.27999877929688,9.921275635231389,2022-10-20,100767.6180764317,767.618076431696,,
short,190.72000122070312,10.785623466994053,2022-11-10,100794.67191876634,794.6719187663402,,
short,186.9199981689453,11.006471574990321,2022-11-16,100809.15268554323,809.1526855432312,,
short,167.8699951171875,12.252057947178383,2022-11-21,100780.89248064834,780.892480648341,,
short,180.8300018310547,11.37984282917418,2022-11-29,100833.03298219739,833.0329821973864,,
short,157.6699981689453,13.061428345263026,2022-12-15,100910.37378079015,910.3737807901489,,
short,137.8000030517578,14.937591121167413,2022-12-20,100861.60500205621,861.6050020562107,,
short,123.1500015258789,16.706886181812585,2022-12-23,100815.19988036234,815.1998803623428,,
short,121.81999969482422,16.872494707438438,2022-12-29,100714.95770544262,714.957705442619,,
short,113.63999938964844,18.07782990954325,2023-01-04,100663.8644144465,663.864414446507,,
short,162.5500030517578,12.564251653757077,2023-04-24,100073.63808840205,73.63808840204729,,
short,160.19000244140625,12.745166252627302,2023-04-27,100040.76244310029,40.76244310029142,,
short,160.61000061035156,12.714122818021481,2023-05-03,100058.74840456323,58.74840456323,,
short,219.22000122070312,9.317824608734956,2023-08-17,100090.02258295756,90.02258295756474,,
short,211.9900054931641,9.62538835407132,2023-10-20,99983.82037261744,-16.179627382560284,,
short,212.4199981689453,9.606950823275838,2023-10-25,99994.71533818066,-5.284661819343455,,
short,197.36000061035156,10.337163663534872,2023-10-30,99966.98872028277,-33.011279717233265,,
short,218.5099945068359,9.339396536195474,2023-11-02,99996.82280524053,-3.177194759467966,,
short,219.91000366210935,9.280369797320075,2024-01-16,100001.46164960493,1.4616496049275156,,
short,209.13999938964844,9.755528560715625,2024-01-23,99973.29062445441,-26.709375545586227,,
short,183.25,11.126407877751692,2024-01-26,99906.79793630188,-93.20206369811785,,
short,187.2899932861328,10.891160987664168,2024-01-31,99950.46794463288,-49.53205536711903,,
short,181.05999755859375,11.266567739648602,2024-02-05,99956.31164429084,-43.68835570916417,,
short,177.77000427246094,11.478424671722331,2024-03-11,99985.46054372679,-14.539456273210817,,
short,162.5,12.554034590284584,2024-03-14,99961.50042514098,-38.49957485901541,,
short,171.32000732421875,11.912251934181745,2024-03-19,99999.54734198582,-0.45265801418281626,,
short,147.0500030517578,13.880686050933843,2024-04-19,100016.59138136538,16.591381365375128,,
short,162.1300048828125,12.586463706234909,2024-04-24,99991.5276853112,-8.472314688799088,,
short,179.99000549316406,11.342505842498294,2024-05-01,100035.34675597816,35.34675597815658,,
short,184.7599945068359,11.05004837674143,2024-05-06,100038.73699196384,38.73699196384405,,
short,171.97000122070312,11.866419502422461,2024-05-09,99992.74063953134,-7.259360468655359,,
short,177.5500030517578,11.492287987764309,2024-05-14,99982.33259766239,-17.667402337610838,,
short,177.4600067138672,11.496085915936662,2024-05-17,99964.6787074404,-35.321292559601716,,
